../MAX31865/max31865.c:119:19:MAX31865_ReadRegister8	24	static
../MAX31865/max31865.c:158:19:MAX31865_ReadRegister16	24	static
../MAX31865/max31865.c:197:19:MAX31865_WriteRegister8	24	static
../MAX31865/max31865.c:233:19:MAX31865_SetWires	24	static
../MAX31865/max31865.c:258:19:MAX31865_SetFilter	24	static
../MAX31865/max31865.c:283:19:MAX31865_EnableBias	24	static
../MAX31865/max31865.c:303:19:MAX31865_EnableAutoConvert	24	static
../MAX31865/max31865.c:323:19:MAX31865_ClearFault	16	static
../MAX31865/max31865.c:99:19:MAX31865_DeInit	8	static
../MAX31865/max31865.c:340:19:MAX31865_SetThresholds	16	static
../MAX31865/max31865.c:26:19:MAX31865_Init	32	static
../MAX31865/max31865.c:423:19:MAX31865_ReadFault	0	static
../MAX31865/max31865.c:365:19:MAX31865_ReadRTD	24	static
../MAX31865/max31865.c:455:19:MAX31865_ReadResistance	24	static
../MAX31865/max31865.c:473:7:MAX31865_RTDtoResistance	8	static
../MAX31865/max31865.c:480:7:MAX31865_ResistanceToTemperature	16	static
../MAX31865/max31865.c:432:19:MAX31865_ReadTemperature	24	static
../MAX31865/max31865.c:516:13:MAX31865_GetFaultString	8	static
