../MAX31865/max31865.c:116:19:MAX31865_ReadRegister8	24	static
../MAX31865/max31865.c:155:19:MAX31865_ReadRegister16	24	static
../MAX31865/max31865.c:194:19:MAX31865_WriteRegister8	24	static
../MAX31865/max31865.c:230:19:MAX31865_SetWires	24	static
../MAX31865/max31865.c:255:19:MAX31865_SetFilter	24	static
../MAX31865/max31865.c:280:19:MAX31865_EnableBias	24	static
../MAX31865/max31865.c:300:19:MAX31865_EnableAutoConvert	24	static
../MAX31865/max31865.c:320:19:MAX31865_ClearFault	16	static
../MAX31865/max31865.c:96:19:MAX31865_DeInit	8	static
../MAX31865/max31865.c:337:19:MAX31865_SetThresholds	16	static
../MAX31865/max31865.c:26:19:MAX31865_Init	32	static
../MAX31865/max31865.c:420:19:MAX31865_ReadFault	0	static
../MAX31865/max31865.c:362:19:MAX31865_ReadRTD	24	static
../MAX31865/max31865.c:452:19:MAX31865_ReadResistance	24	static
../MAX31865/max31865.c:470:7:MAX31865_RTDtoResistance	8	static
../MAX31865/max31865.c:477:7:MAX31865_ResistanceToTemperature	16	static
../MAX31865/max31865.c:429:19:MAX31865_ReadTemperature	24	static
../MAX31865/max31865.c:513:13:MAX31865_GetFaultString	8	static
